// Jest Snapshot v1, https://goo.gl/fbAQLP

exports[`testing Button render with snapshot 1`] = `
<DocumentFragment>
  <button
    class="btn"
  >
    Change name
  </button>
</DocumentFragment>
`;
